npm error code ENOENT
npm error syscall open
npm error path C:\krismos\khlth\kudi\package.json
npm error errno -4058
npm error enoent Could not read package.json: Error: ENOENT: no such file or directory, open 'C:\krismos\khlth\kudi\package.json'
npm error enoent This is related to npm not being able to find a file.
npm error enoent
npm error A complete log of this run can be found in: C:\Users\krish\AppData\Local\npm-cache\_logs\2025-09-14T16_51_57_348Z-debug-0.log
